ðŸŒŸ This was machine generated.  Do not edit. ðŸŒŸ

Frame[0] {
    "notices": [
        {
            "text": "hello"
        }
    ],
    "executedQueryString": "SELECT * FROM X"
}
Name: Frame One
Dimensions: 1 Fields by 5 Rows
+----------------------+
| Name: Single float64 |
| Labels:              |
| Type: []float64      |
+----------------------+
| 8.26                 |
| 8.7                  |
| 14.82                |
| 10.07                |
| 8.52                 |
+----------------------+



Frame[1] 
Name: Frame Two
Dimensions: 1 Fields by 3 Rows
+---------------------+
| Name: single string |
| Labels: a=b         |
| Type: []string      |
+---------------------+
| a                   |
| b                   |
| c                   |
+---------------------+


====== TEST DATA RESPONSE (arrow base64) ======
FRAME=QVJST1cxAAD/////uAEAABAAAAAAAAoADgAMAAsABAAKAAAAFAAAAAAAAAEEAAoADAAAAAgABAAKAAAACAAAAMAAAAADAAAAVAAAACgAAAAEAAAA8P7//wgAAAAMAAAAAAAAAAAAAAAFAAAAcmVmSWQAAAAQ////CAAAABQAAAAJAAAARnJhbWUgT25lAAAABAAAAG5hbWUAAAAAOP///wgAAABQAAAARgAAAHsibm90aWNlcyI6W3sidGV4dCI6ImhlbGxvIn1dLCJleGVjdXRlZFF1ZXJ5U3RyaW5nIjoiU0VMRUNUICogRlJPTSBYIn0AAAQAAABtZXRhAAAAAAEAAAAYAAAAAAASABgAFAAAABMADAAAAAgABAASAAAAFAAAAHgAAACAAAAAAAAAA4AAAAACAAAANAAAAAQAAADc////CAAAABAAAAAGAAAAbnVtYmVyAAAGAAAAdHN0eXBlAAAIAAwACAAEAAgAAAAIAAAAHAAAABIAAAB7InVuaXQiOiJQZXJjZW50In0AAAYAAABjb25maWcAAAAAAAAAAAYACAAGAAYAAAAAAAIADgAAAFNpbmdsZSBmbG9hdDY0AAAAAAAA/////4gAAAAUAAAAAAAAAAwAFgAUABMADAAEAAwAAAAoAAAAAAAAABQAAAAAAAADBAAKABgADAAIAAQACgAAABQAAAA4AAAABQAAAAAAAAAAAAAAAgAAAAAAAAAAAAAAAAAAAAAAAAAAAAAAAAAAACgAAAAAAAAAAAAAAAEAAAAFAAAAAAAAAAAAAAAAAAAAhetRuB6FIEBmZmZmZmYhQKRwPQrXoy1ApHA9CtcjJEAK16NwPQohQBAAAAAMABQAEgAMAAgABAAMAAAAEAAAACwAAAA4AAAAAAAEAAEAAADIAQAAAAAAAJAAAAAAAAAAKAAAAAAAAAAAAAAAAAAAAAAACgAMAAAACAAEAAoAAAAIAAAAwAAAAAMAAABUAAAAKAAAAAQAAADw/v//CAAAAAwAAAAAAAAAAAAAAAUAAAByZWZJZAAAABD///8IAAAAFAAAAAkAAABGcmFtZSBPbmUAAAAEAAAAbmFtZQAAAAA4////CAAAAFAAAABGAAAAeyJub3RpY2VzIjpbeyJ0ZXh0IjoiaGVsbG8ifV0sImV4ZWN1dGVkUXVlcnlTdHJpbmciOiJTRUxFQ1QgKiBGUk9NIFgifQAABAAAAG1ldGEAAAAAAQAAABgAAAAAABIAGAAUAAAAEwAMAAAACAAEABIAAAAUAAAAeAAAAIAAAAAAAAADgAAAAAIAAAA0AAAABAAAANz///8IAAAAEAAAAAYAAABudW1iZXIAAAYAAAB0c3R5cGUAAAgADAAIAAQACAAAAAgAAAAcAAAAEgAAAHsidW5pdCI6IlBlcmNlbnQifQAABgAAAGNvbmZpZwAAAAAAAAAABgAIAAYABgAAAAAAAgAOAAAAU2luZ2xlIGZsb2F0NjQAAOABAABBUlJPVzE=
FRAME=QVJST1cxAAD/////eAEAABAAAAAAAAoADgAMAAsABAAKAAAAFAAAAAAAAAEEAAoADAAAAAgABAAKAAAACAAAAFgAAAACAAAAKAAAAAQAAAAo////CAAAAAwAAAAAAAAAAAAAAAUAAAByZWZJZAAAAEj///8IAAAAFAAAAAkAAABGcmFtZSBUd28AAAAEAAAAbmFtZQAAAAABAAAAGAAAAAAAEgAYABQAAAATAAwAAAAIAAQAEgAAABQAAACoAAAArAAAAAAAAAWoAAAAAwAAAGAAAAAsAAAABAAAALT///8IAAAAEAAAAAYAAABzdHJpbmcAAAYAAAB0c3R5cGUAANj///8IAAAAFAAAAAkAAAB7ImEiOiJiIn0AAAAGAAAAbGFiZWxzAAAIAAwACAAEAAgAAAAIAAAAIAAAABUAAAB7ImRpc3BsYXlOYW1lIjoiMTIzIn0AAAAGAAAAY29uZmlnAAAAAAAABAAEAAQAAAANAAAAc2luZ2xlIHN0cmluZwAAAAAAAAD/////mAAAABQAAAAAAAAADAAWABQAEwAMAAQADAAAABgAAAAAAAAAFAAAAAAAAAMEAAoAGAAMAAgABAAKAAAAFAAAAEgAAAADAAAAAAAAAAAAAAADAAAAAAAAAAAAAAAAAAAAAAAAAAAAAAAAAAAAEAAAAAAAAAAQAAAAAAAAAAMAAAAAAAAAAAAAAAEAAAADAAAAAAAAAAAAAAAAAAAAAAAAAAEAAAACAAAAAwAAAGFiYwAAAAAAEAAAAAwAFAASAAwACAAEAAwAAAAQAAAALAAAADgAAAAAAAQAAQAAAIgBAAAAAAAAoAAAAAAAAAAYAAAAAAAAAAAAAAAAAAAAAAAKAAwAAAAIAAQACgAAAAgAAABYAAAAAgAAACgAAAAEAAAAKP///wgAAAAMAAAAAAAAAAAAAAAFAAAAcmVmSWQAAABI////CAAAABQAAAAJAAAARnJhbWUgVHdvAAAABAAAAG5hbWUAAAAAAQAAABgAAAAAABIAGAAUAAAAEwAMAAAACAAEABIAAAAUAAAAqAAAAKwAAAAAAAAFqAAAAAMAAABgAAAALAAAAAQAAAC0////CAAAABAAAAAGAAAAc3RyaW5nAAAGAAAAdHN0eXBlAADY////CAAAABQAAAAJAAAAeyJhIjoiYiJ9AAAABgAAAGxhYmVscwAACAAMAAgABAAIAAAACAAAACAAAAAVAAAAeyJkaXNwbGF5TmFtZSI6IjEyMyJ9AAAABgAAAGNvbmZpZwAAAAAAAAQABAAEAAAADQAAAHNpbmdsZSBzdHJpbmcAAACgAQAAQVJST1cx
