ðŸŒŸ This was machine generated.  Do not edit. ðŸŒŸ

Frame[0] {
    "custom": {
        "someValue": "value"
    }
}
Name: Frame One
Dimensions: 1 Fields by 5 Rows
+----------------------+
| Name: Single float64 |
| Labels:              |
| Type: []float64      |
+----------------------+
| 8.26                 |
| 8.7                  |
| 14.82                |
| 10.07                |
| 8.52                 |
+----------------------+



Frame[1] 
Name: Frame Two
Dimensions: 1 Fields by 3 Rows
+---------------------+
| Name: single string |
| Labels: a=b         |
| Type: []string      |
+---------------------+
| a                   |
| b                   |
| c                   |
+---------------------+


====== TEST DATA RESPONSE (arrow base64) ======
FRAME=QVJST1cxAAD/////kAEAABAAAAAAAAoADgAMAAsABAAKAAAAFAAAAAAAAAEEAAoADAAAAAgABAAKAAAACAAAAJwAAAADAAAAVAAAACgAAAAEAAAAFP///wgAAAAMAAAAAAAAAAAAAAAFAAAAcmVmSWQAAAA0////CAAAABQAAAAJAAAARnJhbWUgT25lAAAABAAAAG5hbWUAAAAAXP///wgAAAAsAAAAIAAAAHsiY3VzdG9tIjp7InNvbWVWYWx1ZSI6InZhbHVlIn19AAAAAAQAAABtZXRhAAAAAAEAAAAYAAAAAAASABgAFAAAABMADAAAAAgABAASAAAAFAAAAHgAAACAAAAAAAAAA4AAAAACAAAANAAAAAQAAADc////CAAAABAAAAAGAAAAbnVtYmVyAAAGAAAAdHN0eXBlAAAIAAwACAAEAAgAAAAIAAAAHAAAABIAAAB7InVuaXQiOiJQZXJjZW50In0AAAYAAABjb25maWcAAAAAAAAAAAYACAAGAAYAAAAAAAIADgAAAFNpbmdsZSBmbG9hdDY0AAD/////iAAAABQAAAAAAAAADAAWABQAEwAMAAQADAAAACgAAAAAAAAAFAAAAAAAAAMEAAoAGAAMAAgABAAKAAAAFAAAADgAAAAFAAAAAAAAAAAAAAACAAAAAAAAAAAAAAAAAAAAAAAAAAAAAAAAAAAAKAAAAAAAAAAAAAAAAQAAAAUAAAAAAAAAAAAAAAAAAACF61G4HoUgQGZmZmZmZiFApHA9CtejLUCkcD0K1yMkQArXo3A9CiFAEAAAAAwAFAASAAwACAAEAAwAAAAQAAAALAAAADwAAAAAAAQAAQAAAKABAAAAAAAAkAAAAAAAAAAoAAAAAAAAAAAAAAAAAAAAAAAAAAAACgAMAAAACAAEAAoAAAAIAAAAnAAAAAMAAABUAAAAKAAAAAQAAAAU////CAAAAAwAAAAAAAAAAAAAAAUAAAByZWZJZAAAADT///8IAAAAFAAAAAkAAABGcmFtZSBPbmUAAAAEAAAAbmFtZQAAAABc////CAAAACwAAAAgAAAAeyJjdXN0b20iOnsic29tZVZhbHVlIjoidmFsdWUifX0AAAAABAAAAG1ldGEAAAAAAQAAABgAAAAAABIAGAAUAAAAEwAMAAAACAAEABIAAAAUAAAAeAAAAIAAAAAAAAADgAAAAAIAAAA0AAAABAAAANz///8IAAAAEAAAAAYAAABudW1iZXIAAAYAAAB0c3R5cGUAAAgADAAIAAQACAAAAAgAAAAcAAAAEgAAAHsidW5pdCI6IlBlcmNlbnQifQAABgAAAGNvbmZpZwAAAAAAAAAABgAIAAYABgAAAAAAAgAOAAAAU2luZ2xlIGZsb2F0NjQAAMABAABBUlJPVzE=
FRAME=QVJST1cxAAD/////eAEAABAAAAAAAAoADgAMAAsABAAKAAAAFAAAAAAAAAEEAAoADAAAAAgABAAKAAAACAAAAFgAAAACAAAAKAAAAAQAAAAo////CAAAAAwAAAAAAAAAAAAAAAUAAAByZWZJZAAAAEj///8IAAAAFAAAAAkAAABGcmFtZSBUd28AAAAEAAAAbmFtZQAAAAABAAAAGAAAAAAAEgAYABQAAAATAAwAAAAIAAQAEgAAABQAAACoAAAArAAAAAAAAAWoAAAAAwAAAGAAAAAsAAAABAAAALT///8IAAAAEAAAAAYAAABzdHJpbmcAAAYAAAB0c3R5cGUAANj///8IAAAAFAAAAAkAAAB7ImEiOiJiIn0AAAAGAAAAbGFiZWxzAAAIAAwACAAEAAgAAAAIAAAAIAAAABUAAAB7ImRpc3BsYXlOYW1lIjoiMTIzIn0AAAAGAAAAY29uZmlnAAAAAAAABAAEAAQAAAANAAAAc2luZ2xlIHN0cmluZwAAAAAAAAD/////mAAAABQAAAAAAAAADAAWABQAEwAMAAQADAAAABgAAAAAAAAAFAAAAAAAAAMEAAoAGAAMAAgABAAKAAAAFAAAAEgAAAADAAAAAAAAAAAAAAADAAAAAAAAAAAAAAAAAAAAAAAAAAAAAAAAAAAAEAAAAAAAAAAQAAAAAAAAAAMAAAAAAAAAAAAAAAEAAAADAAAAAAAAAAAAAAAAAAAAAAAAAAEAAAACAAAAAwAAAGFiYwAAAAAAEAAAAAwAFAASAAwACAAEAAwAAAAQAAAALAAAADgAAAAAAAQAAQAAAIgBAAAAAAAAoAAAAAAAAAAYAAAAAAAAAAAAAAAAAAAAAAAKAAwAAAAIAAQACgAAAAgAAABYAAAAAgAAACgAAAAEAAAAKP///wgAAAAMAAAAAAAAAAAAAAAFAAAAcmVmSWQAAABI////CAAAABQAAAAJAAAARnJhbWUgVHdvAAAABAAAAG5hbWUAAAAAAQAAABgAAAAAABIAGAAUAAAAEwAMAAAACAAEABIAAAAUAAAAqAAAAKwAAAAAAAAFqAAAAAMAAABgAAAALAAAAAQAAAC0////CAAAABAAAAAGAAAAc3RyaW5nAAAGAAAAdHN0eXBlAADY////CAAAABQAAAAJAAAAeyJhIjoiYiJ9AAAABgAAAGxhYmVscwAACAAMAAgABAAIAAAACAAAACAAAAAVAAAAeyJkaXNwbGF5TmFtZSI6IjEyMyJ9AAAABgAAAGNvbmZpZwAAAAAAAAQABAAEAAAADQAAAHNpbmdsZSBzdHJpbmcAAACgAQAAQVJST1cx
