{
  "schema": {
    "name": "many_types",
    "refId": "A",
    "meta": {
      "typeVersion": [0, 0],
      "custom": { "Hi": "there" },
      "stats": [{ "displayName": "sample", "value": 1.234 }],
      "channel": "sample/channel/name",
      "executedQueryString": "SELECT * FROM table"
    },
    "fields": [
      {
        "name": "string_values",
        "type": "string",
        "typeInfo": { "frame": "string" },
        "labels": { "aLabelKey": "aLabelValue" },
        "config": {}
      },
      {
        "name": "nullable_string_values",
        "type": "string",
        "typeInfo": { "frame": "string", "nullable": true },
        "labels": { "aLabelKey": "aLabelValue", "bLabelKey": "bLabelValue" },
        "config": {
          "displayName": "Grafana ‚ù§Ô∏è (Previous should be heart emoji) ü¶• (Previous should be sloth emoji)",
          "filterable": false,
          "decimals": 2,
          "min": null,
          "max": null,
          "links": [
            {
              "title": "Donate - The Sloth Conservation Foundation",
              "targetBlank": true,
              "url": "https://slothconservation.com/how-to-help/donate/"
            }
          ],
          "noValue": "üò§"
        }
      },
      { "name": "int8_values", "type": "number", "typeInfo": { "frame": "int8" }, "config": { "min": 0, "max": 1 } },
      { "name": "nullable_int8_values", "type": "number", "typeInfo": { "frame": "int8", "nullable": true } },
      { "name": "int16_values", "type": "number", "typeInfo": { "frame": "int16" } },
      { "name": "nullable_int16_values", "type": "number", "typeInfo": { "frame": "int16", "nullable": true } },
      { "name": "int32_values", "type": "number", "typeInfo": { "frame": "int32" } },
      { "name": "nullable_int32_values", "type": "number", "typeInfo": { "frame": "int32", "nullable": true } },
      { "name": "int64_values", "type": "number", "typeInfo": { "frame": "int64" } },
      { "name": "nullable_int64_values", "type": "number", "typeInfo": { "frame": "int64", "nullable": true } },
      { "name": "uint8_values", "type": "number", "typeInfo": { "frame": "uint8" } },
      { "name": "nullable_uint8_values", "type": "number", "typeInfo": { "frame": "uint8", "nullable": true } },
      { "name": "uint16_values", "type": "number", "typeInfo": { "frame": "uint16" } },
      { "name": "nullable_uint16_values", "type": "number", "typeInfo": { "frame": "uint16", "nullable": true } },
      { "name": "uint32_values", "type": "number", "typeInfo": { "frame": "uint32" } },
      { "name": "nullable_uint32_values", "type": "number", "typeInfo": { "frame": "uint32", "nullable": true } },
      { "name": "uint64_values", "type": "number", "typeInfo": { "frame": "uint64" } },
      { "name": "nullable_uint64_values", "type": "number", "typeInfo": { "frame": "uint64", "nullable": true } },
      { "name": "float32_values", "type": "number", "typeInfo": { "frame": "float32" } },
      { "name": "nullable_float32_values", "type": "number", "typeInfo": { "frame": "float32", "nullable": true } },
      { "name": "float32_values_nans", "type": "number", "typeInfo": { "frame": "float32" } },
      {
        "name": "nullable_float32_values_nans",
        "type": "number",
        "typeInfo": { "frame": "float32", "nullable": true }
      },
      { "name": "float64_values", "type": "number", "typeInfo": { "frame": "float64" } },
      { "name": "float64_nans", "type": "number", "typeInfo": { "frame": "float64" } },
      { "name": "nullable_float64_values", "type": "number", "typeInfo": { "frame": "float64", "nullable": true } },
      {
        "name": "nullable_float64_values_nans",
        "type": "number",
        "typeInfo": { "frame": "float64", "nullable": true }
      },
      { "name": "bool_values", "type": "boolean", "typeInfo": { "frame": "bool" } },
      { "name": "nullable_bool_values", "type": "boolean", "typeInfo": { "frame": "bool", "nullable": true } },
      { "name": "timestamps", "type": "time", "typeInfo": { "frame": "time.Time" }, "config": { "interval": 1000 } },
      { "name": "timestamps", "type": "time", "typeInfo": { "frame": "time.Time" } },
      { "name": "nullable_timestamps", "type": "time", "typeInfo": { "frame": "time.Time", "nullable": true } },
      { "name": "json", "type": "other", "typeInfo": { "frame": "json.RawMessage" } },
      { "name": "nullable_json", "type": "other", "typeInfo": { "frame": "json.RawMessage", "nullable": true } },
      {
        "name": "enum",
        "type": "enum",
        "typeInfo": { "frame": "enum" },
        "config": { "type": { "enum": { "text": ["", "ONE", "TWO", "THREE"] } } }
      },
      { "name": "nullable_enum", "type": "enum", "typeInfo": { "frame": "enum", "nullable": true } }
    ]
  },
  "data": {
    "values": [
      ["Go Min", "JS Min (for >= 64)", "0 / nil / misc", "JS Max (for >= 64)", "Go Max"],
      ["Grafana", "‚ù§Ô∏è", null, "ü¶•", "update your unicode/font if no sloth, is 2019."],
      [-128, -128, 0, 127, 127],
      [-128, -128, null, 127, 127],
      [-32768, -32768, 0, 32767, 32767],
      [-32768, -32768, null, 32767, 32767],
      [-2147483648, -2147483648, 1, 2147483647, 2147483647],
      [-2147483648, -2147483648, null, 2147483647, 2147483647],
      [-9223372036854775808, -9007199254740991, 1, 9007199254740991, 9223372036854775807],
      [-9223372036854775808, -9007199254740991, null, 9007199254740991, 9223372036854775807],
      [0, 0, 1, 255, 255],
      [0, 0, null, 255, 255],
      [0, 0, 1, 65535, 65535],
      [0, 0, null, 65535, 65535],
      [0, 0, 1, 4294967295, 4294967295],
      [0, 0, null, 4294967295, 4294967295],
      [0, 0, 1, 9007199254740991, 18446744073709551615],
      [0, 0, null, 9007199254740991, 18446744073709551615],
      [1e-45, 1e-45, 1, 3.4028235e38, 3.4028235e38],
      [1e-45, 1e-45, null, 3.4028235e38, 3.4028235e38],
      [null, null, 1, null, 0],
      [null, null, null, null, 0],
      [5e-324, -9007199254740991, 1, 9007199254740991, 1.7976931348623157e308],
      [null, null, 0, null, null],
      [5e-324, -9007199254740991, null, 1.7976931348623157e308, 9007199254740991],
      [null, 0, null, null, null],
      [true, false, true, true, false],
      [true, false, null, true, false],
      [0, 1568039445000, 1568039450000, 9007199254, 9223372036854],
      [0, 1568039445000, 1568039450000, 9007199254, 9223372036854],
      [0, 1568039445000, null, 9007199254, 9223372036854],
      [{ "a": 1 }, [1, 2, 3], { "b": 2 }, [{ "c": 3 }, { "d": 4 }], { "e": { "f": 5 } }],
      [{ "a": 1 }, [1, 2, 3], null, [{ "c": 3 }, { "d": 4 }], { "e": { "f": 5 } }],
      [1, 2, 2, 1, 1],
      [1, 2, null, 3, 0]
    ],
    "entities": [
      null,
      null,
      null,
      null,
      null,
      null,
      null,
      null,
      null,
      null,
      null,
      null,
      null,
      null,
      null,
      null,
      null,
      null,
      null,
      null,
      { "NaN": [0], "Inf": [1], "NegInf": [3] },
      { "NaN": [1], "Inf": [0], "NegInf": [3] },
      null,
      { "NaN": [1, 3], "Inf": [4], "NegInf": [0] },
      null,
      { "NaN": [3], "Inf": [4], "NegInf": [0] },
      null,
      null,
      null,
      null,
      null,
      null,
      null,
      null,
      null
    ],
    "nanos": [
      null,
      null,
      null,
      null,
      null,
      null,
      null,
      null,
      null,
      null,
      null,
      null,
      null,
      null,
      null,
      null,
      null,
      null,
      null,
      null,
      null,
      null,
      null,
      null,
      null,
      null,
      null,
      null,
      [0, 0, 0, 740991, 775807],
      [0, 0, 0, 740991, 775807],
      [0, 0, 0, 740991, 775807],
      null,
      null,
      null,
      null
    ]
  }
}
