ðŸŒŸ This was machine generated.  Do not edit. ðŸŒŸ

Frame[0] {
    "type": "directory-listing",
    "typeVersion": [
        0,
        0
    ],
    "pathSeparator": "/"
}
Name: 
Dimensions: 2 Fields by 19 Rows
+------------------+------------------+
| Name: name       | Name: media-type |
| Labels:          | Labels:          |
| Type: []string   | Type: []string   |
+------------------+------------------+
| README.md        |                  |
| actions          | directory        |
| authclient       | directory        |
| datasourcetest   | directory        |
| e2e              | directory        |
| errorsource      | directory        |
| featuretoggles   | directory        |
| fileinfo.go      |                  |
| fileinfo_test.go |                  |
| ...              | ...              |
+------------------+------------------+


====== TEST DATA RESPONSE (arrow base64) ======
FRAME=QVJST1cxAAD/////yAEAABAAAAAAAAoADgAMAAsABAAKAAAAFAAAAAAAAAEEAAoADAAAAAgABAAKAAAACAAAALgAAAADAAAATAAAACgAAAAEAAAAwP7//wgAAAAMAAAAAAAAAAAAAAAFAAAAcmVmSWQAAADg/v//CAAAAAwAAAAAAAAAAAAAAAQAAABuYW1lAAAAAAD///8IAAAAUAAAAEQAAAB7InR5cGUiOiJkaXJlY3RvcnktbGlzdGluZyIsInR5cGVWZXJzaW9uIjpbMCwwXSwicGF0aFNlcGFyYXRvciI6Ii8ifQAAAAAEAAAAbWV0YQAAAAACAAAAeAAAAAQAAACi////FAAAADwAAAA8AAAAAAAABTgAAAABAAAABAAAAJD///8IAAAAEAAAAAYAAABzdHJpbmcAAAYAAAB0c3R5cGUAAAAAAACI////CgAAAG1lZGlhLXR5cGUAAAAAEgAYABQAAAATAAwAAAAIAAQAEgAAABQAAABEAAAASAAAAAAAAAVEAAAAAQAAAAwAAAAIAAwACAAEAAgAAAAIAAAAEAAAAAYAAABzdHJpbmcAAAYAAAB0c3R5cGUAAAAAAAAEAAQABAAAAAQAAABuYW1lAAAAAP/////YAAAAFAAAAAAAAAAMABYAFAATAAwABAAMAAAACAIAAAAAAAAUAAAAAAAAAwQACgAYAAwACAAEAAoAAAAUAAAAeAAAABMAAAAAAAAAAAAAAAYAAAAAAAAAAAAAAAAAAAAAAAAAAAAAAAAAAABQAAAAAAAAAFAAAAAAAAAA+QAAAAAAAABQAQAAAAAAAAAAAAAAAAAAUAEAAAAAAABQAAAAAAAAAKABAAAAAAAAYwAAAAAAAAAAAAAAAgAAABMAAAAAAAAAAAAAAAAAAAATAAAAAAAAAAAAAAAAAAAAAAAAAAkAAAAQAAAAGgAAACgAAAArAAAANgAAAEQAAABPAAAAXwAAAG4AAACCAAAAnAAAALsAAADGAAAAzAAAANAAAADjAAAA8QAAAPkAAABSRUFETUUubWRhY3Rpb25zYXV0aGNsaWVudGRhdGFzb3VyY2V0ZXN0ZTJlZXJyb3Jzb3VyY2VmZWF0dXJldG9nZ2xlc2ZpbGVpbmZvLmdvZmlsZWluZm9fdGVzdC5nb2ZyYW1lX3NvcnRlci5nb2ZyYW1lX3NvcnRlcl90ZXN0LmdvZ29sZGVuX3Jlc3BvbnNlX2NoZWNrZXIuZ29nb2xkZW5fcmVzcG9uc2VfY2hlY2tlcl90ZXN0LmdvaHR0cF9sb2dnZXJtYWNyb3Ntb2Nrb2F1dGh0b2tlbnJldHJpZXZlcnJlc3RfY2xpZW50LmdvdGVzdGRhdGEAAAAAAAAAAAAAAAAAAAAJAAAAEgAAABsAAAAkAAAALQAAADYAAAA2AAAANgAAADYAAAA2AAAANgAAADYAAAA/AAAASAAAAFEAAABaAAAAWgAAAGMAAABkaXJlY3RvcnlkaXJlY3RvcnlkaXJlY3RvcnlkaXJlY3RvcnlkaXJlY3RvcnlkaXJlY3RvcnlkaXJlY3RvcnlkaXJlY3RvcnlkaXJlY3RvcnlkaXJlY3RvcnlkaXJlY3RvcnkAAAAAABAAAAAMABQAEgAMAAgABAAMAAAAEAAAACwAAAA8AAAAAAAEAAEAAADYAQAAAAAAAOAAAAAAAAAACAIAAAAAAAAAAAAAAAAAAAAAAAAAAAoADAAAAAgABAAKAAAACAAAALgAAAADAAAATAAAACgAAAAEAAAAwP7//wgAAAAMAAAAAAAAAAAAAAAFAAAAcmVmSWQAAADg/v//CAAAAAwAAAAAAAAAAAAAAAQAAABuYW1lAAAAAAD///8IAAAAUAAAAEQAAAB7InR5cGUiOiJkaXJlY3RvcnktbGlzdGluZyIsInR5cGVWZXJzaW9uIjpbMCwwXSwicGF0aFNlcGFyYXRvciI6Ii8ifQAAAAAEAAAAbWV0YQAAAAACAAAAeAAAAAQAAACi////FAAAADwAAAA8AAAAAAAABTgAAAABAAAABAAAAJD///8IAAAAEAAAAAYAAABzdHJpbmcAAAYAAAB0c3R5cGUAAAAAAACI////CgAAAG1lZGlhLXR5cGUAAAAAEgAYABQAAAATAAwAAAAIAAQAEgAAABQAAABEAAAASAAAAAAAAAVEAAAAAQAAAAwAAAAIAAwACAAEAAgAAAAIAAAAEAAAAAYAAABzdHJpbmcAAAYAAAB0c3R5cGUAAAAAAAAEAAQABAAAAAQAAABuYW1lAAAAAPgBAABBUlJPVzE=
