ðŸŒŸ This was machine generated.  Do not edit. ðŸŒŸ

Frame[0] {
    "custom": {}
}
Name: Frame One
Dimensions: 1 Fields by 5 Rows
+----------------------+
| Name: Single float64 |
| Labels:              |
| Type: []float64      |
+----------------------+
| 8.26                 |
| 8.7                  |
| 14.82                |
| 10.07                |
| 8.52                 |
+----------------------+



Frame[1] 
Name: Frame Two
Dimensions: 1 Fields by 3 Rows
+---------------------+
| Name: single string |
| Labels: a=b         |
| Type: []string      |
+---------------------+
| a                   |
| b                   |
| c                   |
+---------------------+


====== TEST DATA RESPONSE (arrow base64) ======
FRAME=QVJST1cxAAD/////gAEAABAAAAAAAAoADgAMAAsABAAKAAAAFAAAAAAAAAEEAAoADAAAAAgABAAKAAAACAAAAIgAAAADAAAAVAAAACgAAAAEAAAAKP///wgAAAAMAAAAAAAAAAAAAAAFAAAAcmVmSWQAAABI////CAAAABQAAAAJAAAARnJhbWUgT25lAAAABAAAAG5hbWUAAAAAcP///wgAAAAYAAAADQAAAHsiY3VzdG9tIjp7fX0AAAAEAAAAbWV0YQAAAAABAAAAGAAAAAAAEgAYABQAAAATAAwAAAAIAAQAEgAAABQAAAB4AAAAgAAAAAAAAAOAAAAAAgAAADQAAAAEAAAA3P///wgAAAAQAAAABgAAAG51bWJlcgAABgAAAHRzdHlwZQAACAAMAAgABAAIAAAACAAAABwAAAASAAAAeyJ1bml0IjoiUGVyY2VudCJ9AAAGAAAAY29uZmlnAAAAAAAAAAAGAAgABgAGAAAAAAACAA4AAABTaW5nbGUgZmxvYXQ2NAAAAAAAAP////+IAAAAFAAAAAAAAAAMABYAFAATAAwABAAMAAAAKAAAAAAAAAAUAAAAAAAAAwQACgAYAAwACAAEAAoAAAAUAAAAOAAAAAUAAAAAAAAAAAAAAAIAAAAAAAAAAAAAAAAAAAAAAAAAAAAAAAAAAAAoAAAAAAAAAAAAAAABAAAABQAAAAAAAAAAAAAAAAAAAIXrUbgehSBAZmZmZmZmIUCkcD0K16MtQKRwPQrXIyRACtejcD0KIUAQAAAADAAUABIADAAIAAQADAAAABAAAAAsAAAAOAAAAAAABAABAAAAkAEAAAAAAACQAAAAAAAAACgAAAAAAAAAAAAAAAAAAAAAAAoADAAAAAgABAAKAAAACAAAAIgAAAADAAAAVAAAACgAAAAEAAAAKP///wgAAAAMAAAAAAAAAAAAAAAFAAAAcmVmSWQAAABI////CAAAABQAAAAJAAAARnJhbWUgT25lAAAABAAAAG5hbWUAAAAAcP///wgAAAAYAAAADQAAAHsiY3VzdG9tIjp7fX0AAAAEAAAAbWV0YQAAAAABAAAAGAAAAAAAEgAYABQAAAATAAwAAAAIAAQAEgAAABQAAAB4AAAAgAAAAAAAAAOAAAAAAgAAADQAAAAEAAAA3P///wgAAAAQAAAABgAAAG51bWJlcgAABgAAAHRzdHlwZQAACAAMAAgABAAIAAAACAAAABwAAAASAAAAeyJ1bml0IjoiUGVyY2VudCJ9AAAGAAAAY29uZmlnAAAAAAAAAAAGAAgABgAGAAAAAAACAA4AAABTaW5nbGUgZmxvYXQ2NAAAqAEAAEFSUk9XMQ==
FRAME=QVJST1cxAAD/////eAEAABAAAAAAAAoADgAMAAsABAAKAAAAFAAAAAAAAAEEAAoADAAAAAgABAAKAAAACAAAAFgAAAACAAAAKAAAAAQAAAAo////CAAAAAwAAAAAAAAAAAAAAAUAAAByZWZJZAAAAEj///8IAAAAFAAAAAkAAABGcmFtZSBUd28AAAAEAAAAbmFtZQAAAAABAAAAGAAAAAAAEgAYABQAAAATAAwAAAAIAAQAEgAAABQAAACoAAAArAAAAAAAAAWoAAAAAwAAAGAAAAAsAAAABAAAALT///8IAAAAEAAAAAYAAABzdHJpbmcAAAYAAAB0c3R5cGUAANj///8IAAAAFAAAAAkAAAB7ImEiOiJiIn0AAAAGAAAAbGFiZWxzAAAIAAwACAAEAAgAAAAIAAAAIAAAABUAAAB7ImRpc3BsYXlOYW1lIjoiMTIzIn0AAAAGAAAAY29uZmlnAAAAAAAABAAEAAQAAAANAAAAc2luZ2xlIHN0cmluZwAAAAAAAAD/////mAAAABQAAAAAAAAADAAWABQAEwAMAAQADAAAABgAAAAAAAAAFAAAAAAAAAMEAAoAGAAMAAgABAAKAAAAFAAAAEgAAAADAAAAAAAAAAAAAAADAAAAAAAAAAAAAAAAAAAAAAAAAAAAAAAAAAAAEAAAAAAAAAAQAAAAAAAAAAMAAAAAAAAAAAAAAAEAAAADAAAAAAAAAAAAAAAAAAAAAAAAAAEAAAACAAAAAwAAAGFiYwAAAAAAEAAAAAwAFAASAAwACAAEAAwAAAAQAAAALAAAADgAAAAAAAQAAQAAAIgBAAAAAAAAoAAAAAAAAAAYAAAAAAAAAAAAAAAAAAAAAAAKAAwAAAAIAAQACgAAAAgAAABYAAAAAgAAACgAAAAEAAAAKP///wgAAAAMAAAAAAAAAAAAAAAFAAAAcmVmSWQAAABI////CAAAABQAAAAJAAAARnJhbWUgVHdvAAAABAAAAG5hbWUAAAAAAQAAABgAAAAAABIAGAAUAAAAEwAMAAAACAAEABIAAAAUAAAAqAAAAKwAAAAAAAAFqAAAAAMAAABgAAAALAAAAAQAAAC0////CAAAABAAAAAGAAAAc3RyaW5nAAAGAAAAdHN0eXBlAADY////CAAAABQAAAAJAAAAeyJhIjoiYiJ9AAAABgAAAGxhYmVscwAACAAMAAgABAAIAAAACAAAACAAAAAVAAAAeyJkaXNwbGF5TmFtZSI6IjEyMyJ9AAAABgAAAGNvbmZpZwAAAAAAAAQABAAEAAAADQAAAHNpbmdsZSBzdHJpbmcAAACgAQAAQVJST1cx
